// Jest Snapshot v1, https://goo.gl/fbAQLP

exports[`GifGrid test should  show items on useFetchGifs 1`] = `
<Fragment>
  <h3
    className="animate__animated animate__fadeIn"
  >
     
    goku
     
  </h3>
  <p
    className="animate__animated animate__flash"
  >
    Loading
  </p>
  <div
    className="card-grid"
  />
</Fragment>
`;

exports[`GifGrid test should load component 1`] = `
<Fragment>
  <h3
    className="animate__animated animate__fadeIn"
  >
     
    goku
     
  </h3>
  <p
    className="animate__animated animate__flash"
  >
    Loading
  </p>
  <div
    className="card-grid"
  />
</Fragment>
`;
