// Jest Snapshot v1, https://goo.gl/fbAQLP

exports[`<GifGridItem/> should load commponent 1`] = `
<div
  className="card animate__animated animate__bounce"
>
  <img />
  <p>
     
     
  </p>
</div>
`;
